// Jest Snapshot v1, https://goo.gl/fbAQLP

exports[`Label test render correctly 1`] = `
<label
  className="Label-bxMjsr gyMNoM"
/>
`;
